src/models/Invoice.ts(54,5): error TS2349: This expression is not callable.
  Type 'SaveOptions' has no call signatures.
